###############################################################################
#
# IAR ELF Linker V9.30.1.335/W64 for ARM                  03/Oct/2022  02:28:54
# Copyright 2007-2022 IAR Systems AB.
#
#    Output file  =
#        E:\STMWorkspace\MasteringMCU2\AC6\R\CAN_Normal_Mode_2Nodes\EWARM\CAN_Normal_Mode_2Nodes\Exe\CAN_Normal_Mode_2Nodes.out
#    Map file     =
#        E:\STMWorkspace\MasteringMCU2\AC6\R\CAN_Normal_Mode_2Nodes\EWARM\CAN_Normal_Mode_2Nodes\List\CAN_Normal_Mode_2Nodes.map
#    Command line =
#        -f
#        E:\STMWorkspace\MasteringMCU2\AC6\R\CAN_Normal_Mode_2Nodes\EWARM\CAN_Normal_Mode_2Nodes\Exe\CAN_Normal_Mode_2Nodes.out.rsp
#        (E:\STMWorkspace\MasteringMCU2\AC6\R\CAN_Normal_Mode_2Nodes\EWARM\CAN_Normal_Mode_2Nodes\Obj\Application\User\main.o
#        E:\STMWorkspace\MasteringMCU2\AC6\R\CAN_Normal_Mode_2Nodes\EWARM\CAN_Normal_Mode_2Nodes\Obj\Application\EWARM\startup_stm32f407xx.o
#        E:\STMWorkspace\MasteringMCU2\AC6\R\CAN_Normal_Mode_2Nodes\EWARM\CAN_Normal_Mode_2Nodes\Obj\Drivers\STM32F4xx_HAL_Driver\stm32f4xx_hal.o
#        E:\STMWorkspace\MasteringMCU2\AC6\R\CAN_Normal_Mode_2Nodes\EWARM\CAN_Normal_Mode_2Nodes\Obj\Drivers\STM32F4xx_HAL_Driver\stm32f4xx_hal_can.o
#        E:\STMWorkspace\MasteringMCU2\AC6\R\CAN_Normal_Mode_2Nodes\EWARM\CAN_Normal_Mode_2Nodes\Obj\Drivers\STM32F4xx_HAL_Driver\stm32f4xx_hal_cortex.o
#        E:\STMWorkspace\MasteringMCU2\AC6\R\CAN_Normal_Mode_2Nodes\EWARM\CAN_Normal_Mode_2Nodes\Obj\Drivers\STM32F4xx_HAL_Driver\stm32f4xx_hal_dma.o
#        E:\STMWorkspace\MasteringMCU2\AC6\R\CAN_Normal_Mode_2Nodes\EWARM\CAN_Normal_Mode_2Nodes\Obj\Drivers\STM32F4xx_HAL_Driver\stm32f4xx_hal_dma_ex.o
#        E:\STMWorkspace\MasteringMCU2\AC6\R\CAN_Normal_Mode_2Nodes\EWARM\CAN_Normal_Mode_2Nodes\Obj\Drivers\STM32F4xx_HAL_Driver\stm32f4xx_hal_exti.o
#        E:\STMWorkspace\MasteringMCU2\AC6\R\CAN_Normal_Mode_2Nodes\EWARM\CAN_Normal_Mode_2Nodes\Obj\Drivers\STM32F4xx_HAL_Driver\stm32f4xx_hal_flash.o
#        E:\STMWorkspace\MasteringMCU2\AC6\R\CAN_Normal_Mode_2Nodes\EWARM\CAN_Normal_Mode_2Nodes\Obj\Drivers\STM32F4xx_HAL_Driver\stm32f4xx_hal_flash_ex.o
#        E:\STMWorkspace\MasteringMCU2\AC6\R\CAN_Normal_Mode_2Nodes\EWARM\CAN_Normal_Mode_2Nodes\Obj\Drivers\STM32F4xx_HAL_Driver\stm32f4xx_hal_flash_ramfunc.o
#        E:\STMWorkspace\MasteringMCU2\AC6\R\CAN_Normal_Mode_2Nodes\EWARM\CAN_Normal_Mode_2Nodes\Obj\Drivers\STM32F4xx_HAL_Driver\stm32f4xx_hal_gpio.o
#        E:\STMWorkspace\MasteringMCU2\AC6\R\CAN_Normal_Mode_2Nodes\EWARM\CAN_Normal_Mode_2Nodes\Obj\Application\User\stm32f4xx_hal_msp.o
#        E:\STMWorkspace\MasteringMCU2\AC6\R\CAN_Normal_Mode_2Nodes\EWARM\CAN_Normal_Mode_2Nodes\Obj\Drivers\STM32F4xx_HAL_Driver\stm32f4xx_hal_pwr.o
#        E:\STMWorkspace\MasteringMCU2\AC6\R\CAN_Normal_Mode_2Nodes\EWARM\CAN_Normal_Mode_2Nodes\Obj\Drivers\STM32F4xx_HAL_Driver\stm32f4xx_hal_pwr_ex.o
#        E:\STMWorkspace\MasteringMCU2\AC6\R\CAN_Normal_Mode_2Nodes\EWARM\CAN_Normal_Mode_2Nodes\Obj\Drivers\STM32F4xx_HAL_Driver\stm32f4xx_hal_rcc.o
#        E:\STMWorkspace\MasteringMCU2\AC6\R\CAN_Normal_Mode_2Nodes\EWARM\CAN_Normal_Mode_2Nodes\Obj\Drivers\STM32F4xx_HAL_Driver\stm32f4xx_hal_rcc_ex.o
#        E:\STMWorkspace\MasteringMCU2\AC6\R\CAN_Normal_Mode_2Nodes\EWARM\CAN_Normal_Mode_2Nodes\Obj\Drivers\STM32F4xx_HAL_Driver\stm32f4xx_hal_tim.o
#        E:\STMWorkspace\MasteringMCU2\AC6\R\CAN_Normal_Mode_2Nodes\EWARM\CAN_Normal_Mode_2Nodes\Obj\Drivers\STM32F4xx_HAL_Driver\stm32f4xx_hal_tim_ex.o
#        E:\STMWorkspace\MasteringMCU2\AC6\R\CAN_Normal_Mode_2Nodes\EWARM\CAN_Normal_Mode_2Nodes\Obj\Drivers\STM32F4xx_HAL_Driver\stm32f4xx_hal_uart.o
#        E:\STMWorkspace\MasteringMCU2\AC6\R\CAN_Normal_Mode_2Nodes\EWARM\CAN_Normal_Mode_2Nodes\Obj\Application\User\stm32f4xx_it.o
#        E:\STMWorkspace\MasteringMCU2\AC6\R\CAN_Normal_Mode_2Nodes\EWARM\CAN_Normal_Mode_2Nodes\Obj\Drivers\CMSIS\system_stm32f4xx.o
#        --no_out_extension -o
#        E:\STMWorkspace\MasteringMCU2\AC6\R\CAN_Normal_Mode_2Nodes\EWARM\CAN_Normal_Mode_2Nodes\Exe\CAN_Normal_Mode_2Nodes.out
#        --redirect _Printf=_PrintfFullNoMb --redirect _Scanf=_ScanfFullNoMb
#        --map
#        E:\STMWorkspace\MasteringMCU2\AC6\R\CAN_Normal_Mode_2Nodes\EWARM\CAN_Normal_Mode_2Nodes\List\CAN_Normal_Mode_2Nodes.map
#        --config
#        E:\STMWorkspace\MasteringMCU2\AC6\R\CAN_Normal_Mode_2Nodes\EWARM/stm32f407xx_flash.icf
#        --semihosting --entry __iar_program_start --vfe --text_out locale
#        --cpu=Cortex-M4 --fpu=VFPv4_sp)
#
###############################################################################

*******************************************************************************
*** RUNTIME MODEL ATTRIBUTES
***

CppFlavor       = *
__CPP_Runtime   = 1
__SystemLibrary = DLib
__dlib_version  = 6


*******************************************************************************
*** HEAP SELECTION
***

The basic heap was selected because --advanced_heap
was not specified and the application did not appear to
be primarily optimized for speed.


*******************************************************************************
*** PLACEMENT SUMMARY
***

"A0":  place at address 0x800'0000 { ro section .intvec };
"P1":  place in [from 0x800'0000 to 0x80f'ffff] { ro };
define block CSTACK with size = 1K, alignment = 8 { };
define block HEAP with size = 512, alignment = 8 { };
"P2":  place in [from 0x2000'0000 to 0x2001'ffff] {
          rw, block CSTACK, block HEAP };
initialize by copy { rw };

  Section            Kind         Address    Size  Object
  -------            ----         -------    ----  ------
"A0":                                       0x188
  .intvec            ro code   0x800'0000   0x188  startup_stm32f407xx.o [1]
                             - 0x800'0188   0x188

"P1":                                      0x3804
  .text              ro code   0x800'0188   0xeaa  xprintffull_nomb.o [5]
  .text              ro code   0x800'1032    0x2a  copy_init3.o [7]
  .text              ro code   0x800'105c    0x16  strchr.o [7]
  .text              ro code   0x800'1072     0xa  xsprout.o [5]
  .text              ro code   0x800'107c    0x40  xfail_s.o [5]
  .text              ro code   0x800'10bc    0x14  strlen_small.o [7]
  .text              ro code   0x800'10d0    0x58  memchr.o [7]
  .text              ro code   0x800'1128    0xa6  ABImemcpy.o [7]
  .rodata            const     0x800'11ce     0x2  xlocale_c.o [5]
  .text              ro code   0x800'11d0    0x70  frexp.o [6]
  .text              ro code   0x800'1240    0x34  DblCmpLe.o [6]
  .text              ro code   0x800'1274    0x34  DblCmpGe.o [6]
  .text              ro code   0x800'12a8   0x13a  ldexp.o [6]
  .rodata            const     0x800'13e2     0x1  xlocale_c.o [5]
  .text              ro code   0x800'13e4    0x36  DblToS32.o [6]
  .text              ro code   0x800'141c    0x22  S32ToDbl.o [6]
  .text              ro code   0x800'1440   0x24e  DblAddSub.o [6]
  .text              ro code   0x800'1690   0x246  DblDiv.o [6]
  .text              ro code   0x800'18d8    0x22  DblToU32.o [6]
  .text              ro code   0x800'18fc    0x1c  U32ToDbl.o [6]
  .text              ro code   0x800'1918   0x1aa  DblMul.o [6]
  .text              ro code   0x800'1ac4     0x8  xlocale_c.o [5]
  .text              ro code   0x800'1acc   0x106  I64DivMod_small.o [7]
  .text              ro code   0x800'1bd2     0x6  abort.o [5]
  .text              ro code   0x800'1bd8     0x2  I64DivZer.o [7]
  .text              ro code   0x800'1bdc    0x14  exit.o [8]
  .text              ro code   0x800'1bf0   0x624  stm32f4xx_hal_can.o [4]
  .text              ro code   0x800'2214   0x178  stm32f4xx_hal_msp.o [2]
  .text              ro code   0x800'238c     0xc  stm32f4xx_hal.o [4]
  .text              ro code   0x800'2398   0x4de  main.o [2]
  .text              ro code   0x800'2876     0x2  stm32f4xx_hal_can.o [4]
  .text              ro code   0x800'2878     0x2  stm32f4xx_hal_can.o [4]
  .text              ro code   0x800'287a     0x2  stm32f4xx_hal_can.o [4]
  .text              ro code   0x800'287c     0x2  stm32f4xx_hal_can.o [4]
  .text              ro code   0x800'287e     0x2  stm32f4xx_hal_can.o [4]
  .text              ro code   0x800'2880     0x2  stm32f4xx_hal_can.o [4]
  .text              ro code   0x800'2882     0x2  stm32f4xx_hal_can.o [4]
  .text              ro code   0x800'2884     0x2  stm32f4xx_hal_can.o [4]
  .text              ro code   0x800'2886     0x2  stm32f4xx_hal_can.o [4]
  .text              ro code   0x800'2888    0xe0  stm32f4xx_hal_cortex.o [4]
  .text              ro code   0x800'2968   0x22c  stm32f4xx_hal_gpio.o [4]
  .text              ro code   0x800'2b94    0x34  stm32f4xx_hal.o [4]
  .text              ro code   0x800'2bc8   0x320  stm32f4xx_hal_rcc.o [4]
  .text              ro code   0x800'2ee8   0x154  stm32f4xx_hal_rcc.o [4]
  .text              ro code   0x800'303c   0x2f0  stm32f4xx_hal_tim.o [4]
  .text              ro code   0x800'332c   0x25c  stm32f4xx_hal_uart.o [4]
  .text              ro code   0x800'3588    0x40  sprintf.o [5]
  .text              ro code   0x800'35c8     0x2  stm32f4xx_hal_cortex.o [4]
  .text              ro code   0x800'35ca     0x2  stm32f4xx_hal_gpio.o [4]
  .text              ro code   0x800'35cc    0x40  stm32f4xx_hal.o [4]
  .text              ro code   0x800'360c    0x60  stm32f4xx_hal_rcc.o [4]
  .text              ro code   0x800'366c     0x2  stm32f4xx_hal_tim.o [4]
  .text              ro code   0x800'366e     0x2  stm32f4xx_hal_tim.o [4]
  .text              ro code   0x800'3670     0x2  stm32f4xx_hal_tim_ex.o [4]
  .text              ro code   0x800'3672     0x2  stm32f4xx_hal_tim.o [4]
  .text              ro code   0x800'3674     0x2  stm32f4xx_hal_tim_ex.o [4]
  .text              ro code   0x800'3676     0x2  stm32f4xx_hal_tim.o [4]
  Initializer bytes  const     0x800'3678    0x48  <for P2-1>
  .text              ro code   0x800'36c0    0x3c  stm32f4xx_it.o [2]
  .text              ro code   0x800'36fc    0x10  stm32f4xx_hal.o [4]
  .text              ro code   0x800'370c    0x38  zero_init3.o [7]
  .text              ro code   0x800'3744    0x28  data_init.o [7]
  .text              ro code   0x800'376c    0x22  fpinit_M.o [6]
  .iar.init_table    const     0x800'3790    0x24  - Linker created -
  .text              ro code   0x800'37b4    0x20  system_stm32f4xx.o [3]
  .text              ro code   0x800'37d4    0x1e  cmain.o [7]
  .text              ro code   0x800'37f2     0x4  low_level_init.o [5]
  .text              ro code   0x800'37f6     0x4  exit.o [5]
  .text              ro code   0x800'37fc     0xa  cexit.o [7]
  .text              ro code   0x800'3808    0x1c  cstartup_M.o [7]
  .text              ro code   0x800'3824    0x10  startup_stm32f407xx.o [1]
  .rodata            const     0x800'3834     0x8  system_stm32f4xx.o [3]
  .text              ro code   0x800'383c     0x4  startup_stm32f407xx.o [1]
  .text              ro code   0x800'3840     0x4  startup_stm32f407xx.o [1]
  .text              ro code   0x800'3844     0x4  startup_stm32f407xx.o [1]
  .text              ro code   0x800'3848     0x4  startup_stm32f407xx.o [1]
  .text              ro code   0x800'384c     0x4  startup_stm32f407xx.o [1]
  .text              ro code   0x800'3850     0x4  startup_stm32f407xx.o [1]
  .text              ro code   0x800'3854     0x4  startup_stm32f407xx.o [1]
  .text              ro code   0x800'3858     0x4  startup_stm32f407xx.o [1]
  .text              ro code   0x800'385c     0x4  startup_stm32f407xx.o [1]
  .text              ro code   0x800'3860     0x4  startup_stm32f407xx.o [1]
  .text              ro code   0x800'3864     0x4  startup_stm32f407xx.o [1]
  .text              ro code   0x800'3868     0x4  startup_stm32f407xx.o [1]
  .text              ro code   0x800'386c     0x4  startup_stm32f407xx.o [1]
  .text              ro code   0x800'3870     0x4  startup_stm32f407xx.o [1]
  .text              ro code   0x800'3874     0x4  startup_stm32f407xx.o [1]
  .text              ro code   0x800'3878     0x4  startup_stm32f407xx.o [1]
  .text              ro code   0x800'387c     0x4  startup_stm32f407xx.o [1]
  .text              ro code   0x800'3880     0x4  startup_stm32f407xx.o [1]
  .text              ro code   0x800'3884     0x4  startup_stm32f407xx.o [1]
  .text              ro code   0x800'3888     0x4  startup_stm32f407xx.o [1]
  .text              ro code   0x800'388c     0x4  startup_stm32f407xx.o [1]
  .text              ro code   0x800'3890     0x4  startup_stm32f407xx.o [1]
  .text              ro code   0x800'3894     0x4  startup_stm32f407xx.o [1]
  .text              ro code   0x800'3898     0x4  startup_stm32f407xx.o [1]
  .text              ro code   0x800'389c     0x4  startup_stm32f407xx.o [1]
  .text              ro code   0x800'38a0     0x4  startup_stm32f407xx.o [1]
  .text              ro code   0x800'38a4     0x4  startup_stm32f407xx.o [1]
  .text              ro code   0x800'38a8     0x4  startup_stm32f407xx.o [1]
  .text              ro code   0x800'38ac     0x4  startup_stm32f407xx.o [1]
  .text              ro code   0x800'38b0     0x4  startup_stm32f407xx.o [1]
  .text              ro code   0x800'38b4     0x4  startup_stm32f407xx.o [1]
  .text              ro code   0x800'38b8     0x4  startup_stm32f407xx.o [1]
  .text              ro code   0x800'38bc     0x4  startup_stm32f407xx.o [1]
  .text              ro code   0x800'38c0     0x4  startup_stm32f407xx.o [1]
  .text              ro code   0x800'38c4     0x4  startup_stm32f407xx.o [1]
  .text              ro code   0x800'38c8     0x4  startup_stm32f407xx.o [1]
  .text              ro code   0x800'38cc     0x4  startup_stm32f407xx.o [1]
  .text              ro code   0x800'38d0     0x4  startup_stm32f407xx.o [1]
  .text              ro code   0x800'38d4     0x4  startup_stm32f407xx.o [1]
  .text              ro code   0x800'38d8     0x4  startup_stm32f407xx.o [1]
  .text              ro code   0x800'38dc     0x4  startup_stm32f407xx.o [1]
  .text              ro code   0x800'38e0     0x4  startup_stm32f407xx.o [1]
  .text              ro code   0x800'38e4     0x4  startup_stm32f407xx.o [1]
  .text              ro code   0x800'38e8     0x4  startup_stm32f407xx.o [1]
  .text              ro code   0x800'38ec     0x4  startup_stm32f407xx.o [1]
  .text              ro code   0x800'38f0     0x4  startup_stm32f407xx.o [1]
  .text              ro code   0x800'38f4     0x4  startup_stm32f407xx.o [1]
  .text              ro code   0x800'38f8     0x4  startup_stm32f407xx.o [1]
  .text              ro code   0x800'38fc     0x4  startup_stm32f407xx.o [1]
  .text              ro code   0x800'3900     0x4  startup_stm32f407xx.o [1]
  .text              ro code   0x800'3904     0x4  startup_stm32f407xx.o [1]
  .text              ro code   0x800'3908     0x4  startup_stm32f407xx.o [1]
  .text              ro code   0x800'390c     0x4  startup_stm32f407xx.o [1]
  .text              ro code   0x800'3910     0x4  startup_stm32f407xx.o [1]
  .text              ro code   0x800'3914     0x4  startup_stm32f407xx.o [1]
  .text              ro code   0x800'3918     0x4  startup_stm32f407xx.o [1]
  .text              ro code   0x800'391c     0x4  startup_stm32f407xx.o [1]
  .text              ro code   0x800'3920     0x4  startup_stm32f407xx.o [1]
  .text              ro code   0x800'3924     0x4  startup_stm32f407xx.o [1]
  .text              ro code   0x800'3928     0x4  startup_stm32f407xx.o [1]
  .text              ro code   0x800'392c     0x4  startup_stm32f407xx.o [1]
  .text              ro code   0x800'3930     0x4  startup_stm32f407xx.o [1]
  .text              ro code   0x800'3934     0x4  startup_stm32f407xx.o [1]
  .text              ro code   0x800'3938     0x4  startup_stm32f407xx.o [1]
  .text              ro code   0x800'393c     0x4  startup_stm32f407xx.o [1]
  .text              ro code   0x800'3940     0x4  startup_stm32f407xx.o [1]
  .text              ro code   0x800'3944     0x4  startup_stm32f407xx.o [1]
  .text              ro code   0x800'3948     0x4  startup_stm32f407xx.o [1]
  .text              ro code   0x800'394c     0x4  startup_stm32f407xx.o [1]
  .text              ro code   0x800'3950     0x4  startup_stm32f407xx.o [1]
  .text              ro code   0x800'3954     0x4  startup_stm32f407xx.o [1]
  .text              ro code   0x800'3958     0x4  startup_stm32f407xx.o [1]
  .text              ro code   0x800'395c     0x4  startup_stm32f407xx.o [1]
  .text              ro code   0x800'3960     0x4  startup_stm32f407xx.o [1]
  .text              ro code   0x800'3964     0x4  startup_stm32f407xx.o [1]
  .text              ro code   0x800'3968     0x4  startup_stm32f407xx.o [1]
  .text              ro code   0x800'396c     0x4  startup_stm32f407xx.o [1]
  .text              ro code   0x800'3970     0x4  startup_stm32f407xx.o [1]
  .text              ro code   0x800'3974     0x4  startup_stm32f407xx.o [1]
  .text              ro code   0x800'3978     0x4  startup_stm32f407xx.o [1]
  .text              ro code   0x800'397c     0x4  startup_stm32f407xx.o [1]
  .text              ro code   0x800'3980     0x4  startup_stm32f407xx.o [1]
  .text              ro code   0x800'3984     0x4  startup_stm32f407xx.o [1]
  .text              ro code   0x800'3988     0x4  startup_stm32f407xx.o [1]
  .rodata            const     0x800'398c     0x0  zero_init3.o [7]
  .rodata            const     0x800'398c     0x0  copy_init3.o [7]
                             - 0x800'398c  0x3804

"P2", part 1 of 3:                           0x48
  P2-1                        0x2000'0000    0x48  <Init block>
    .data            inited   0x2000'0000     0xc  stm32f4xx_hal.o [4]
    .data            inited   0x2000'000c     0x4  system_stm32f4xx.o [3]
    .data            inited   0x2000'0010    0x38  xlocale_c.o [5]
                            - 0x2000'0048    0x48

"P2", part 2 of 3:                           0xd8
  .bss               zero     0x2000'0048    0x60  main.o [2]
  .bss               zero     0x2000'00a8    0x48  main.o [2]
  .bss               zero     0x2000'00f0    0x28  main.o [2]
  .bss               zero     0x2000'0118     0x4  xfail_s.o [5]
  .bss               zero     0x2000'011c     0x1  main.o [2]
  .bss               zero     0x2000'011d     0x1  main.o [2]
                            - 0x2000'011e    0xd6

"P2", part 3 of 3:                          0x400
  CSTACK                      0x2000'0120   0x400  <Block>
    CSTACK           uninit   0x2000'0120   0x400  <Block tail>
                            - 0x2000'0520   0x400

Unused ranges:

         From           To      Size
         ----           --      ----
   0x800'398c   0x80f'ffff  0xf'c674
  0x2000'0520  0x2001'ffff  0x1'fae0


*******************************************************************************
*** INIT TABLE
***

          Address      Size
          -------      ----
Zero (__iar_zero_init3)
    1 destination range, total size 0xd6:
          0x2000'0048  0xd6

Copy (__iar_copy_init3)
    1 source range, total size 0x48:
           0x800'3678  0x48
    1 destination range, total size 0x48:
          0x2000'0000  0x48



*******************************************************************************
*** MODULE SUMMARY
***

    Module                  ro code  ro data  rw data
    ------                  -------  -------  -------
command line/config:
    -------------------------------------------------
    Total:

E:\STMWorkspace\MasteringMCU2\AC6\R\CAN_Normal_Mode_2Nodes\EWARM\CAN_Normal_Mode_2Nodes\Obj\Application\EWARM: [1]
    startup_stm32f407xx.o       744
    -------------------------------------------------
    Total:                      744

E:\STMWorkspace\MasteringMCU2\AC6\R\CAN_Normal_Mode_2Nodes\EWARM\CAN_Normal_Mode_2Nodes\Obj\Application\User: [2]
    main.o                    1'246               210
    stm32f4xx_hal_msp.o         376
    stm32f4xx_it.o               60
    -------------------------------------------------
    Total:                    1'682               210

E:\STMWorkspace\MasteringMCU2\AC6\R\CAN_Normal_Mode_2Nodes\EWARM\CAN_Normal_Mode_2Nodes\Obj\Drivers\CMSIS: [3]
    system_stm32f4xx.o           32       12        4
    -------------------------------------------------
    Total:                       32       12        4

E:\STMWorkspace\MasteringMCU2\AC6\R\CAN_Normal_Mode_2Nodes\EWARM\CAN_Normal_Mode_2Nodes\Obj\Drivers\STM32F4xx_HAL_Driver: [4]
    stm32f4xx_hal.o             144       12       12
    stm32f4xx_hal_can.o       1'590
    stm32f4xx_hal_cortex.o      226
    stm32f4xx_hal_gpio.o        558
    stm32f4xx_hal_rcc.o       1'236
    stm32f4xx_hal_tim.o         760
    stm32f4xx_hal_tim_ex.o        4
    stm32f4xx_hal_uart.o        604
    -------------------------------------------------
    Total:                    5'122       12       12

dl7M_tlf.a: [5]
    abort.o                       6
    exit.o                        4
    low_level_init.o              4
    sprintf.o                    64
    xfail_s.o                    64                 4
    xlocale_c.o                   8       59       56
    xprintffull_nomb.o        3'754
    xsprout.o                    10
    -------------------------------------------------
    Total:                    3'914       59       60

m7M_tls.a: [6]
    DblAddSub.o                 590
    DblCmpGe.o                   52
    DblCmpLe.o                   52
    DblDiv.o                    582
    DblMul.o                    426
    DblToS32.o                   54
    DblToU32.o                   34
    S32ToDbl.o                   34
    U32ToDbl.o                   28
    fpinit_M.o                   34
    frexp.o                     112
    ldexp.o                     314
    -------------------------------------------------
    Total:                    2'312

rt7M_tl.a: [7]
    ABImemcpy.o                 166
    I64DivMod_small.o           262
    I64DivZer.o                   2
    cexit.o                      10
    cmain.o                      30
    copy_init3.o                 42
    cstartup_M.o                 28
    data_init.o                  40
    memchr.o                     88
    strchr.o                     22
    strlen_small.o               20
    zero_init3.o                 56
    -------------------------------------------------
    Total:                      766

shb_l.a: [8]
    exit.o                       20
    -------------------------------------------------
    Total:                       20

    Gaps                         19        2
    Linker created                        36    1'024
-----------------------------------------------------
    Grand Total:             14'611      121    1'310


*******************************************************************************
*** ENTRY LIST
***

Entry                       Address   Size  Type      Object
-----                       -------   ----  ----      ------
.iar.init_table$$Base    0x800'3790          --   Gb  - Linker created -
.iar.init_table$$Limit   0x800'37b4          --   Gb  - Linker created -
?main                    0x800'37d5         Code  Gb  cmain.o [7]
ADC_IRQHandler           0x800'38a5         Code  Wk  startup_stm32f407xx.o [1]
AHBPrescTable            0x800'37c4   0x10  Data  Gb  system_stm32f4xx.o [3]
APBPrescTable            0x800'3834    0x8  Data  Gb  system_stm32f4xx.o [3]
BusFault_Handler         0x800'3849         Code  Wk  startup_stm32f407xx.o [1]
CAN1_Init                0x800'25e1   0x32  Code  Gb  main.o [2]
CAN1_RX0_IRQHandler      0x800'36d1    0x2  Code  Gb  stm32f4xx_it.o [2]
CAN1_RX1_IRQHandler      0x800'38a9         Code  Wk  startup_stm32f407xx.o [1]
CAN1_SCE_IRQHandler      0x800'36d9    0x2  Code  Gb  stm32f4xx_it.o [2]
CAN1_TX_IRQHandler       0x800'36cf    0x2  Code  Gb  stm32f4xx_it.o [2]
CAN1_Tx                  0x800'2497   0x32  Code  Gb  main.o [2]
CAN2_RX0_IRQHandler      0x800'3949         Code  Wk  startup_stm32f407xx.o [1]
CAN2_RX1_IRQHandler      0x800'394d         Code  Wk  startup_stm32f407xx.o [1]
CAN2_SCE_IRQHandler      0x800'3951         Code  Wk  startup_stm32f407xx.o [1]
CAN2_TX_IRQHandler       0x800'3945         Code  Wk  startup_stm32f407xx.o [1]
CAN_Filter_Config        0x800'24c9   0x30  Code  Gb  main.o [2]
CSTACK$$Base            0x2000'0120          --   Gb  - Linker created -
CSTACK$$Limit           0x2000'0520          --   Gb  - Linker created -
DCMI_IRQHandler          0x800'3981         Code  Wk  startup_stm32f407xx.o [1]
DMA1_Stream0_IRQHandler
                         0x800'3889         Code  Wk  startup_stm32f407xx.o [1]
DMA1_Stream1_IRQHandler
                         0x800'388d         Code  Wk  startup_stm32f407xx.o [1]
DMA1_Stream2_IRQHandler
                         0x800'3891         Code  Wk  startup_stm32f407xx.o [1]
DMA1_Stream3_IRQHandler
                         0x800'3895         Code  Wk  startup_stm32f407xx.o [1]
DMA1_Stream4_IRQHandler
                         0x800'3899         Code  Wk  startup_stm32f407xx.o [1]
DMA1_Stream5_IRQHandler
                         0x800'389d         Code  Wk  startup_stm32f407xx.o [1]
DMA1_Stream6_IRQHandler
                         0x800'38a1         Code  Wk  startup_stm32f407xx.o [1]
DMA1_Stream7_IRQHandler
                         0x800'3909         Code  Wk  startup_stm32f407xx.o [1]
DMA2_Stream0_IRQHandler
                         0x800'3929         Code  Wk  startup_stm32f407xx.o [1]
DMA2_Stream1_IRQHandler
                         0x800'392d         Code  Wk  startup_stm32f407xx.o [1]
DMA2_Stream2_IRQHandler
                         0x800'3931         Code  Wk  startup_stm32f407xx.o [1]
DMA2_Stream3_IRQHandler
                         0x800'3935         Code  Wk  startup_stm32f407xx.o [1]
DMA2_Stream4_IRQHandler
                         0x800'3939         Code  Wk  startup_stm32f407xx.o [1]
DMA2_Stream5_IRQHandler
                         0x800'3959         Code  Wk  startup_stm32f407xx.o [1]
DMA2_Stream6_IRQHandler
                         0x800'395d         Code  Wk  startup_stm32f407xx.o [1]
DMA2_Stream7_IRQHandler
                         0x800'3961         Code  Wk  startup_stm32f407xx.o [1]
DebugMon_Handler         0x800'3855         Code  Wk  startup_stm32f407xx.o [1]
ETH_IRQHandler           0x800'393d         Code  Wk  startup_stm32f407xx.o [1]
ETH_WKUP_IRQHandler      0x800'3941         Code  Wk  startup_stm32f407xx.o [1]
EXTI0_IRQHandler         0x800'3875         Code  Wk  startup_stm32f407xx.o [1]
EXTI15_10_IRQHandler     0x800'36e1   0x14  Code  Gb  stm32f4xx_it.o [2]
EXTI1_IRQHandler         0x800'3879         Code  Wk  startup_stm32f407xx.o [1]
EXTI2_IRQHandler         0x800'387d         Code  Wk  startup_stm32f407xx.o [1]
EXTI3_IRQHandler         0x800'3881         Code  Wk  startup_stm32f407xx.o [1]
EXTI4_IRQHandler         0x800'3885         Code  Wk  startup_stm32f407xx.o [1]
EXTI9_5_IRQHandler       0x800'38ad         Code  Wk  startup_stm32f407xx.o [1]
FLASH_IRQHandler         0x800'386d         Code  Wk  startup_stm32f407xx.o [1]
FPU_IRQHandler           0x800'3989         Code  Wk  startup_stm32f407xx.o [1]
FSMC_IRQHandler          0x800'390d         Code  Wk  startup_stm32f407xx.o [1]
GPIO_Init                0x800'24f9   0x9c  Code  Gb  main.o [2]
HAL_CAN_ActivateNotification
                         0x800'1fff   0x16  Code  Gb  stm32f4xx_hal_can.o [4]
HAL_CAN_AddTxMessage     0x800'1e31   0xc4  Code  Gb  stm32f4xx_hal_can.o [4]
HAL_CAN_ConfigFilter     0x800'1cfb   0xc0  Code  Gb  stm32f4xx_hal_can.o [4]
HAL_CAN_ErrorCallback    0x800'2887    0x2  Code  Wk  stm32f4xx_hal_can.o [4]
HAL_CAN_GetRxMessage     0x800'1f07   0xe4  Code  Gb  stm32f4xx_hal_can.o [4]
HAL_CAN_IRQHandler       0x800'201b  0x1fa  Code  Gb  stm32f4xx_hal_can.o [4]
HAL_CAN_Init             0x800'1bf1   0xf8  Code  Gb  stm32f4xx_hal_can.o [4]
HAL_CAN_MspInit          0x800'22d3   0x7c  Code  Gb  stm32f4xx_hal_msp.o [2]
HAL_CAN_RxFifo0FullCallback
                         0x800'287d    0x2  Code  Wk  stm32f4xx_hal_can.o [4]
HAL_CAN_RxFifo0MsgPendingCallback
                         0x800'2649   0x78  Code  Gb  main.o [2]
HAL_CAN_RxFifo1FullCallback
                         0x800'287f    0x2  Code  Wk  stm32f4xx_hal_can.o [4]
HAL_CAN_RxFifo1MsgPendingCallback
                         0x800'2881    0x2  Code  Wk  stm32f4xx_hal_can.o [4]
HAL_CAN_SleepCallback    0x800'2883    0x2  Code  Wk  stm32f4xx_hal_can.o [4]
HAL_CAN_Start            0x800'1dcd   0x4c  Code  Gb  stm32f4xx_hal_can.o [4]
HAL_CAN_TxMailbox0AbortCallback
                         0x800'2877    0x2  Code  Wk  stm32f4xx_hal_can.o [4]
HAL_CAN_TxMailbox0CompleteCallback
                         0x800'2615    0x8  Code  Gb  main.o [2]
HAL_CAN_TxMailbox1AbortCallback
                         0x800'2879    0x2  Code  Wk  stm32f4xx_hal_can.o [4]
HAL_CAN_TxMailbox1CompleteCallback
                         0x800'261d    0x6  Code  Gb  main.o [2]
HAL_CAN_TxMailbox2AbortCallback
                         0x800'287b    0x2  Code  Wk  stm32f4xx_hal_can.o [4]
HAL_CAN_TxMailbox2CompleteCallback
                         0x800'2641    0x8  Code  Gb  main.o [2]
HAL_CAN_WakeUpFromRxMsgCallback
                         0x800'2885    0x2  Code  Wk  stm32f4xx_hal_can.o [4]
HAL_GPIO_EXTI_Callback   0x800'35cb    0x2  Code  Wk  stm32f4xx_hal_gpio.o [4]
HAL_GPIO_EXTI_IRQHandler
                         0x800'2b51   0x12  Code  Gb  stm32f4xx_hal_gpio.o [4]
HAL_GPIO_Init            0x800'2969  0x1d0  Code  Gb  stm32f4xx_hal_gpio.o [4]
HAL_GPIO_TogglePin       0x800'2b41   0x10  Code  Gb  stm32f4xx_hal_gpio.o [4]
HAL_GPIO_WritePin        0x800'2b39    0x8  Code  Gb  stm32f4xx_hal_gpio.o [4]
HAL_GetTick              0x800'238d    0xc  Code  Wk  stm32f4xx_hal.o [4]
HAL_IncTick              0x800'36fd   0x10  Code  Wk  stm32f4xx_hal.o [4]
HAL_Init                 0x800'2b95   0x30  Code  Gb  stm32f4xx_hal.o [4]
HAL_InitTick             0x800'35cd   0x40  Code  Wk  stm32f4xx_hal.o [4]
HAL_MspInit              0x800'2215   0x3a  Code  Gb  stm32f4xx_hal_msp.o [2]
HAL_NVIC_EnableIRQ       0x800'28f7   0x16  Code  Gb  stm32f4xx_hal_cortex.o [4]
HAL_NVIC_SetPriority     0x800'28bd   0x3a  Code  Gb  stm32f4xx_hal_cortex.o [4]
HAL_NVIC_SetPriorityGrouping
                         0x800'28a3   0x1a  Code  Gb  stm32f4xx_hal_cortex.o [4]
HAL_RCC_ClockConfig      0x800'2ee9  0x100  Code  Gb  stm32f4xx_hal_rcc.o [4]
HAL_RCC_GetHCLKFreq      0x800'2ff5    0x6  Code  Gb  stm32f4xx_hal_rcc.o [4]
HAL_RCC_GetPCLK1Freq     0x800'2ffb   0x10  Code  Gb  stm32f4xx_hal_rcc.o [4]
HAL_RCC_GetPCLK2Freq     0x800'300b    0xe  Code  Gb  stm32f4xx_hal_rcc.o [4]
HAL_RCC_GetSysClockFreq
                         0x800'360d   0x60  Code  Wk  stm32f4xx_hal_rcc.o [4]
HAL_RCC_OscConfig        0x800'2bc9  0x320  Code  Wk  stm32f4xx_hal_rcc.o [4]
HAL_SYSTICK_CLKSourceConfig
                         0x800'292f   0x1a  Code  Gb  stm32f4xx_hal_cortex.o [4]
HAL_SYSTICK_Callback     0x800'35c9    0x2  Code  Wk  stm32f4xx_hal_cortex.o [4]
HAL_SYSTICK_Config       0x800'290d   0x22  Code  Gb  stm32f4xx_hal_cortex.o [4]
HAL_SYSTICK_IRQHandler   0x800'2965    0x4  Code  Gb  stm32f4xx_hal_cortex.o [4]
HAL_TIMEx_BreakCallback
                         0x800'3671    0x2  Code  Wk  stm32f4xx_hal_tim_ex.o [4]
HAL_TIMEx_CommutCallback
                         0x800'3675    0x2  Code  Wk  stm32f4xx_hal_tim_ex.o [4]
HAL_TIM_Base_Init        0x800'303d   0x1a  Code  Gb  stm32f4xx_hal_tim.o [4]
HAL_TIM_Base_MspInit     0x800'234f   0x2e  Code  Gb  stm32f4xx_hal_msp.o [2]
HAL_TIM_Base_Start_IT    0x800'3057   0x76  Code  Gb  stm32f4xx_hal_tim.o [4]
HAL_TIM_IC_CaptureCallback
                         0x800'366d    0x2  Code  Wk  stm32f4xx_hal_tim.o [4]
HAL_TIM_IRQHandler       0x800'3121  0x142  Code  Gb  stm32f4xx_hal_tim.o [4]
HAL_TIM_OC_DelayElapsedCallback
                         0x800'366f    0x2  Code  Wk  stm32f4xx_hal_tim.o [4]
HAL_TIM_PWM_PulseFinishedCallback
                         0x800'3677    0x2  Code  Wk  stm32f4xx_hal_tim.o [4]
HAL_TIM_PeriodElapsedCallback
                         0x800'26c1   0x34  Code  Gb  main.o [2]
HAL_TIM_TriggerCallback
                         0x800'3673    0x2  Code  Wk  stm32f4xx_hal_tim.o [4]
HAL_UART_Init            0x800'332d   0x1e  Code  Gb  stm32f4xx_hal_uart.o [4]
HAL_UART_MspInit         0x800'224f   0x84  Code  Gb  stm32f4xx_hal_msp.o [2]
HAL_UART_Transmit        0x800'33a7   0xb0  Code  Gb  stm32f4xx_hal_uart.o [4]
HASH_RNG_IRQHandler      0x800'3985         Code  Wk  startup_stm32f407xx.o [1]
HardFault_Handler        0x800'3841         Code  Wk  startup_stm32f407xx.o [1]
I2C1_ER_IRQHandler       0x800'38d1         Code  Wk  startup_stm32f407xx.o [1]
I2C1_EV_IRQHandler       0x800'38cd         Code  Wk  startup_stm32f407xx.o [1]
I2C2_ER_IRQHandler       0x800'38d9         Code  Wk  startup_stm32f407xx.o [1]
I2C2_EV_IRQHandler       0x800'38d5         Code  Wk  startup_stm32f407xx.o [1]
I2C3_ER_IRQHandler       0x800'396d         Code  Wk  startup_stm32f407xx.o [1]
I2C3_EV_IRQHandler       0x800'3969         Code  Wk  startup_stm32f407xx.o [1]
LED_Manage_Output        0x800'26f5   0x6c  Code  Gb  main.o [2]
MemManage_Handler        0x800'3845         Code  Wk  startup_stm32f407xx.o [1]
NMI_Handler              0x800'383d         Code  Wk  startup_stm32f407xx.o [1]
OTG_FS_IRQHandler        0x800'3955         Code  Wk  startup_stm32f407xx.o [1]
OTG_FS_WKUP_IRQHandler   0x800'38f5         Code  Wk  startup_stm32f407xx.o [1]
OTG_HS_EP1_IN_IRQHandler
                         0x800'3975         Code  Wk  startup_stm32f407xx.o [1]
OTG_HS_EP1_OUT_IRQHandler
                         0x800'3971         Code  Wk  startup_stm32f407xx.o [1]
OTG_HS_IRQHandler        0x800'397d         Code  Wk  startup_stm32f407xx.o [1]
OTG_HS_WKUP_IRQHandler   0x800'3979         Code  Wk  startup_stm32f407xx.o [1]
PVD_IRQHandler           0x800'3861         Code  Wk  startup_stm32f407xx.o [1]
PendSV_Handler           0x800'3859         Code  Wk  startup_stm32f407xx.o [1]
RCC_IRQHandler           0x800'3871         Code  Wk  startup_stm32f407xx.o [1]
RTC_Alarm_IRQHandler     0x800'38f1         Code  Wk  startup_stm32f407xx.o [1]
RTC_WKUP_IRQHandler      0x800'3869         Code  Wk  startup_stm32f407xx.o [1]
Region$$Table$$Base      0x800'3790          --   Gb  - Linker created -
Region$$Table$$Limit     0x800'37b4          --   Gb  - Linker created -
Reset_Handler            0x800'3825         Code  Wk  startup_stm32f407xx.o [1]
RxHeader                0x2000'008c   0x1c  Data  Gb  main.o [2]
SDIO_IRQHandler          0x800'3911         Code  Wk  startup_stm32f407xx.o [1]
SPI1_IRQHandler          0x800'38dd         Code  Wk  startup_stm32f407xx.o [1]
SPI2_IRQHandler          0x800'38e1         Code  Wk  startup_stm32f407xx.o [1]
SPI3_IRQHandler          0x800'3919         Code  Wk  startup_stm32f407xx.o [1]
SVC_Handler              0x800'3851         Code  Wk  startup_stm32f407xx.o [1]
Send_response            0x800'2785   0x1a  Code  Gb  main.o [2]
SysTick_Handler          0x800'36c1    0xe  Code  Gb  stm32f4xx_it.o [2]
SystemClock_Config_HSE   0x800'23d7   0xa6  Code  Gb  main.o [2]
SystemCoreClock         0x2000'000c    0x4  Data  Gb  system_stm32f4xx.o [3]
SystemInit               0x800'37b5    0xc  Code  Gb  system_stm32f4xx.o [3]
TAMP_STAMP_IRQHandler    0x800'3865         Code  Wk  startup_stm32f407xx.o [1]
TIM1_BRK_TIM9_IRQHandler
                         0x800'38b1         Code  Wk  startup_stm32f407xx.o [1]
TIM1_CC_IRQHandler       0x800'38bd         Code  Wk  startup_stm32f407xx.o [1]
TIM1_TRG_COM_TIM11_IRQHandler
                         0x800'38b9         Code  Wk  startup_stm32f407xx.o [1]
TIM1_UP_TIM10_IRQHandler
                         0x800'38b5         Code  Wk  startup_stm32f407xx.o [1]
TIM2_IRQHandler          0x800'38c1         Code  Wk  startup_stm32f407xx.o [1]
TIM3_IRQHandler          0x800'38c5         Code  Wk  startup_stm32f407xx.o [1]
TIM4_IRQHandler          0x800'38c9         Code  Wk  startup_stm32f407xx.o [1]
TIM5_IRQHandler          0x800'3915         Code  Wk  startup_stm32f407xx.o [1]
TIM6_DAC_IRQHandler      0x800'36db    0x6  Code  Gb  stm32f4xx_it.o [2]
TIM7_IRQHandler          0x800'3925         Code  Wk  startup_stm32f407xx.o [1]
TIM8_BRK_TIM12_IRQHandler
                         0x800'38f9         Code  Wk  startup_stm32f407xx.o [1]
TIM8_CC_IRQHandler       0x800'3905         Code  Wk  startup_stm32f407xx.o [1]
TIM8_TRG_COM_TIM14_IRQHandler
                         0x800'3901         Code  Wk  startup_stm32f407xx.o [1]
TIM8_UP_TIM13_IRQHandler
                         0x800'38fd         Code  Wk  startup_stm32f407xx.o [1]
TIMER6_Init              0x800'25a1   0x1a  Code  Gb  main.o [2]
TIM_Base_SetConfig       0x800'3269   0x96  Code  Gb  stm32f4xx_hal_tim.o [4]
UART2_Init               0x800'25bb   0x20  Code  Gb  main.o [2]
UART4_IRQHandler         0x800'391d         Code  Wk  startup_stm32f407xx.o [1]
UART5_IRQHandler         0x800'3921         Code  Wk  startup_stm32f407xx.o [1]
UART_SetConfig           0x800'34bd   0xb0  Code  Lc  stm32f4xx_hal_uart.o [4]
UART_WaitOnFlagUntilTimeout
                         0x800'3457   0x5a  Code  Lc  stm32f4xx_hal_uart.o [4]
USART1_IRQHandler        0x800'38e5         Code  Wk  startup_stm32f407xx.o [1]
USART2_IRQHandler        0x800'38e9         Code  Wk  startup_stm32f407xx.o [1]
USART3_IRQHandler        0x800'38ed         Code  Wk  startup_stm32f407xx.o [1]
USART6_IRQHandler        0x800'3965         Code  Wk  startup_stm32f407xx.o [1]
UsageFault_Handler       0x800'384d         Code  Wk  startup_stm32f407xx.o [1]
WWDG_IRQHandler          0x800'385d         Code  Wk  startup_stm32f407xx.o [1]
_LC                      0x800'0189    0x6  Code  Lc  xprintffull_nomb.o [5]
_LitobFullNoMb           0x800'0e51  0x114  Code  Lc  xprintffull_nomb.o [5]
_Locale_lconv           0x2000'0010   0x38  Data  Lc  xlocale_c.o [5]
_PrintfFullNoMb          0x800'018f  0xc92  Code  Gb  xprintffull_nomb.o [5]
_PutcharsFullNoMb        0x800'0fbd   0x2e  Code  Lc  xprintffull_nomb.o [5]
_SProut                  0x800'1073    0xa  Code  Gb  xsprout.o [5]
__NVIC_SetPriority       0x800'2889   0x1a  Code  Lc  stm32f4xx_hal_cortex.o [4]
__aeabi_cdcmple          0x800'1241         Code  Gb  DblCmpLe.o [6]
__aeabi_cdrcmple         0x800'1275         Code  Gb  DblCmpGe.o [6]
__aeabi_d2iz             0x800'13e5         Code  Gb  DblToS32.o [6]
__aeabi_d2uiz            0x800'18d9         Code  Gb  DblToU32.o [6]
__aeabi_ddiv             0x800'1691         Code  Gb  DblDiv.o [6]
__aeabi_dmul             0x800'1919         Code  Gb  DblMul.o [6]
__aeabi_dsub             0x800'15ad         Code  Gb  DblAddSub.o [6]
__aeabi_i2d              0x800'141d         Code  Gb  S32ToDbl.o [6]
__aeabi_ldiv0            0x800'1bd9         Code  Gb  I64DivZer.o [7]
__aeabi_memcpy           0x800'1129         Code  Gb  ABImemcpy.o [7]
__aeabi_memcpy4          0x800'1149         Code  Gb  ABImemcpy.o [7]
__aeabi_memcpy8          0x800'1149         Code  Gb  ABImemcpy.o [7]
__aeabi_ui2d             0x800'18fd         Code  Gb  U32ToDbl.o [6]
__cmain                  0x800'37d5         Code  Gb  cmain.o [7]
__exit                   0x800'1bdd   0x14  Code  Gb  exit.o [8]
__iar_Fail_s             0x800'107d   0x1c  Code  Gb  xfail_s.o [5]
__iar_Memchr             0x800'10d1         Code  Gb  memchr.o [7]
__iar_Strchr             0x800'105d         Code  Gb  strchr.o [7]
__iar_copy_init3         0x800'1033   0x2a  Code  Gb  copy_init3.o [7]
__iar_data_init3         0x800'3745   0x28  Code  Gb  data_init.o [7]
__iar_frexp              0x800'11dd         Code  Gb  frexp.o [6]
__iar_frexpl             0x800'11dd         Code  Gb  frexp.o [6]
__iar_init_vfp           0x800'376d         Code  Gb  fpinit_M.o [6]
__iar_ldexp64            0x800'12a9         Code  Gb  ldexp.o [6]
__iar_program_start      0x800'3809         Code  Gb  cstartup_M.o [7]
__iar_scalbln64          0x800'12a9         Code  Gb  ldexp.o [6]
__iar_scalbn64           0x800'12a9         Code  Gb  ldexp.o [6]
__iar_small_strlen       0x800'10bd         Code  Gb  strlen_small.o [7]
__iar_small_uldivmod     0x800'1acd         Code  Gb  I64DivMod_small.o [7]
__iar_softfp___iar_frexp64
                         0x800'11d1         Code  Gb  frexp.o [6]
__iar_softfp_frexp       0x800'11d1         Code  Gb  frexp.o [6]
__iar_softfp_frexpl      0x800'11d1         Code  Gb  frexp.o [6]
__iar_zero_init3         0x800'370d   0x38  Code  Gb  zero_init3.o [7]
__low_level_init         0x800'37f3    0x4  Code  Gb  low_level_init.o [5]
__vector_table           0x800'0000         Data  Gb  startup_stm32f407xx.o [1]
_call_main               0x800'37e1         Code  Gb  cmain.o [7]
_exit                    0x800'37fd         Code  Gb  cexit.o [7]
abort                    0x800'1bd3    0x6  Code  Gb  abort.o [5]
exit                     0x800'37f7    0x4  Code  Gb  exit.o [5]
hcan1                   0x2000'00f0   0x28  Data  Gb  main.o [2]
htimer6                 0x2000'00a8   0x48  Data  Gb  main.o [2]
huart2                  0x2000'0048   0x44  Data  Gb  main.o [2]
ldexp                    0x800'12a9         Code  Gb  ldexp.o [6]
ldexpl                   0x800'12a9         Code  Gb  ldexp.o [6]
led_no                  0x2000'011d    0x1  Data  Gb  main.o [2]
localeconv               0x800'1ac5    0x4  Code  Gb  xlocale_c.o [5]
main                     0x800'2399   0x3e  Code  Gb  main.o [2]
memchr                   0x800'10d1         Code  Gb  memchr.o [7]
req_counter             0x2000'011c    0x1  Data  Gb  main.o [2]
scalbln                  0x800'12a9         Code  Gb  ldexp.o [6]
scalblnl                 0x800'12a9         Code  Gb  ldexp.o [6]
scalbn                   0x800'12a9         Code  Gb  ldexp.o [6]
scalbnl                  0x800'12a9         Code  Gb  ldexp.o [6]
scale                    0x800'0f65   0x46  Code  Lc  xprintffull_nomb.o [5]
sec_hand                0x2000'0118    0x4  Data  Lc  xfail_s.o [5]
sprintf                  0x800'3589   0x40  Code  Gb  sprintf.o [5]
strchr                   0x800'105d         Code  Gb  strchr.o [7]
uwTick                  0x2000'0004    0x4  Data  Gb  stm32f4xx_hal.o [4]
uwTickFreq              0x2000'0000    0x1  Data  Gb  stm32f4xx_hal.o [4]
uwTickPrio              0x2000'0008    0x4  Data  Gb  stm32f4xx_hal.o [4]


[1] = E:\STMWorkspace\MasteringMCU2\AC6\R\CAN_Normal_Mode_2Nodes\EWARM\CAN_Normal_Mode_2Nodes\Obj\Application\EWARM
[2] = E:\STMWorkspace\MasteringMCU2\AC6\R\CAN_Normal_Mode_2Nodes\EWARM\CAN_Normal_Mode_2Nodes\Obj\Application\User
[3] = E:\STMWorkspace\MasteringMCU2\AC6\R\CAN_Normal_Mode_2Nodes\EWARM\CAN_Normal_Mode_2Nodes\Obj\Drivers\CMSIS
[4] = E:\STMWorkspace\MasteringMCU2\AC6\R\CAN_Normal_Mode_2Nodes\EWARM\CAN_Normal_Mode_2Nodes\Obj\Drivers\STM32F4xx_HAL_Driver
[5] = dl7M_tlf.a
[6] = m7M_tls.a
[7] = rt7M_tl.a
[8] = shb_l.a

  14'611 bytes of readonly  code memory
     121 bytes of readonly  data memory
   1'310 bytes of readwrite data memory

Errors: none
Warnings: none
